../Core/Src/main.c:32:6:printmsg	96	static
../Core/Src/main.c:46:5:main	8	static,ignoring_inline_asm
../Core/Src/main.c:68:6:GPIO_Init	56	static
../Core/Src/main.c:91:6:UART2_Init	8	static
../Core/Src/main.c:106:6:RTC_Init	8	static
../Core/Src/main.c:122:6:RTC_CalendarConfig	32	static
../Core/Src/main.c:143:7:getDayofweek	56	static
../Core/Src/main.c:150:6:HAL_GPIO_EXTI_Callback	64	static
../Core/Src/main.c:169:6:HAL_RTC_AlarmAEventCallback	40	static
../Core/Src/main.c:186:6:RTC_AlarmConfig	48	static
../Core/Src/main.c:212:6:SystemClockConfig_HSE	88	static
../Core/Src/main.c:303:6:Error_Handler	4	static
