../Core/Src/main.c:32:6:printmsg	96	static
../Core/Src/main.c:46:5:main	8	static
../Core/Src/main.c:63:6:GPIO_Init	56	static
../Core/Src/main.c:86:6:UART2_Init	8	static
../Core/Src/main.c:101:6:RTC_Init	8	static
../Core/Src/main.c:117:7:RTC_CalendarConfig	32	static
../Core/Src/main.c:141:7:getDayofweek	56	static
../Core/Src/main.c:148:6:HAL_GPIO_EXTI_Callback	64	static
../Core/Src/main.c:168:6:RTC_AlarmConfig	48	static
../Core/Src/main.c:197:6:SystemClockConfig_HSE	88	static
../Core/Src/main.c:288:6:Error_Handler	4	static
