18:28:39 **** Incremental Build of configuration Debug for project TIMER_BASE_10us ****
make -j8 all 
arm-none-eabi-gcc "../Core/Src/main.c" -mcpu=cortex-m4 -std=gnu11 -g3 -DDEBUG -DUSE_HAL_DRIVER -DSTM32F411xE -c -I../Core/Inc -I../Drivers/STM32F4xx_HAL_Driver/Inc -I../Drivers/STM32F4xx_HAL_Driver/Inc/Legacy -I../Drivers/CMSIS/Device/ST/STM32F4xx/Include -I../Drivers/CMSIS/Include -O0 -ffunction-sections -fdata-sections -Wall -fstack-usage -MMD -MP -MF"Core/Src/main.d" -MT"Core/Src/main.o" --specs=nano.specs -mfpu=fpv4-sp-d16 -mfloat-abi=hard -mthumb -o "Core/Src/main.o"
arm-none-eabi-gcc -o "TIMER_BASE_10us.elf" @"objects.list"   -mcpu=cortex-m4 -T"D:\Embedded_C\My_workspace\MCU_STM32F411\TIMER_BASE_10us\STM32F411VETX_FLASH.ld" --specs=nosys.specs -Wl,-Map="TIMER_BASE_10us.map" -Wl,--gc-sections -static --specs=nano.specs -mfpu=fpv4-sp-d16 -mfloat-abi=hard -mthumb -Wl,--start-group -lc -lm -Wl,--end-group
Finished building target: TIMER_BASE_10us.elf
 
arm-none-eabi-size   TIMER_BASE_10us.elf 
arm-none-eabi-objdump -h -S  TIMER_BASE_10us.elf  > "TIMER_BASE_10us.list"
   text	   data	    bss	    dec	    hex	filename
   7356	     20	   1644	   9020	   233c	TIMER_BASE_10us.elf
Finished building: default.size.stdout
 
Finished building: TIMER_BASE_10us.list
 

18:28:40 Build Finished. 0 errors, 0 warnings. (took 750ms)

